Copyright 1986-2022 Xilinx, Inc. All Rights Reserved. Copyright 2022-2023 Advanced Micro Devices, Inc. All Rights Reserved.
---------------------------------------------------------------------------------------------------------------------------------------------
| Tool Version : Vivado v.2023.2 (win64) Build 4029153 Fri Oct 13 20:14:34 MDT 2023
| Date         : Sun May 26 15:54:38 2024
| Host         : Leor-PC-5530 running 64-bit major release  (build 9200)
| Command      : report_control_sets -verbose -file full_cipher_uart_control_sets_placed.rpt
| Design       : full_cipher_uart
| Device       : xc7a35t
---------------------------------------------------------------------------------------------------------------------------------------------

Control Set Information

Table of Contents
-----------------
1. Summary
2. Histogram
3. Flip-Flop Distribution
4. Detailed Control Set Information

1. Summary
----------

+----------------------------------------------------------+-------+
|                          Status                          | Count |
+----------------------------------------------------------+-------+
| Total control sets                                       |    23 |
|    Minimum number of control sets                        |    23 |
|    Addition due to synthesis replication                 |     0 |
|    Addition due to physical synthesis replication        |     0 |
| Unused register locations in slices containing registers |   100 |
+----------------------------------------------------------+-------+
* Control sets can be merged at opt_design using control_set_merge or merge_equivalent_drivers
** Run report_qor_suggestions for automated merging and remapping suggestions


2. Histogram
------------

+--------------------+-------+
|       Fanout       | Count |
+--------------------+-------+
| Total control sets |    23 |
| >= 0 to < 4        |    10 |
| >= 4 to < 6        |     2 |
| >= 6 to < 8        |     0 |
| >= 8 to < 10       |     7 |
| >= 10 to < 12      |     1 |
| >= 12 to < 14      |     0 |
| >= 14 to < 16      |     1 |
| >= 16              |     2 |
+--------------------+-------+
* Control sets can be remapped at either synth_design or opt_design


3. Flip-Flop Distribution
-------------------------

+--------------+-----------------------+------------------------+-----------------+--------------+
| Clock Enable | Synchronous Set/Reset | Asynchronous Set/Reset | Total Registers | Total Slices |
+--------------+-----------------------+------------------------+-----------------+--------------+
| No           | No                    | No                     |              34 |            6 |
| No           | No                    | Yes                    |               0 |            0 |
| No           | Yes                   | No                     |              54 |           17 |
| Yes          | No                    | No                     |               9 |            9 |
| Yes          | No                    | Yes                    |               0 |            0 |
| Yes          | Yes                   | No                     |              67 |           21 |
+--------------+-----------------------+------------------------+-----------------+--------------+


4. Detailed Control Set Information
-----------------------------------

+----------------+---------------------------------------------------------------+-------------------------------------------------+------------------+----------------+--------------+
|  Clock Signal  |                         Enable Signal                         |                 Set/Reset Signal                | Slice Load Count | Bel Load Count | Bels / Slice |
+----------------+---------------------------------------------------------------+-------------------------------------------------+------------------+----------------+--------------+
|  Clk_IBUF_BUFG | full_rxd_do/rxd_do/check_start_end_bit2_out                   |                                                 |                1 |              1 |         1.00 |
|  Clk_IBUF_BUFG | full_rxd_do/rxd_do/p_0_in[2]                                  |                                                 |                1 |              1 |         1.00 |
|  Clk_IBUF_BUFG | full_rxd_do/rxd_do/p_0_in[6]                                  |                                                 |                1 |              1 |         1.00 |
|  Clk_IBUF_BUFG | full_rxd_do/rxd_do/p_0_in[0]                                  |                                                 |                1 |              1 |         1.00 |
|  Clk_IBUF_BUFG | full_rxd_do/rxd_do/p_0_in[1]                                  |                                                 |                1 |              1 |         1.00 |
|  Clk_IBUF_BUFG | full_rxd_do/rxd_do/p_0_in[5]                                  |                                                 |                1 |              1 |         1.00 |
|  Clk_IBUF_BUFG | full_rxd_do/rxd_do/p_0_in[7]                                  |                                                 |                1 |              1 |         1.00 |
|  Clk_IBUF_BUFG | full_rxd_do/rxd_do/p_0_in[3]                                  |                                                 |                1 |              1 |         1.00 |
|  Clk_IBUF_BUFG | full_rxd_do/rxd_do/p_0_in[4]                                  |                                                 |                1 |              1 |         1.00 |
|  Clk_IBUF_BUFG | full_txd_do/txd_do/txd_data_out1_out                          | Rst_IBUF                                        |                1 |              1 |         1.00 |
|  Clk_IBUF_BUFG | full_txd_do/txd_do/FSM_onehot_my_txd_state_machine[3]_i_1_n_0 | Rst_IBUF                                        |                1 |              4 |         4.00 |
|  Clk_IBUF_BUFG | full_rxd_do/rxd_do/sel                                        | Rst_IBUF                                        |                1 |              5 |         5.00 |
|  Clk_IBUF_BUFG | full_rxd_do/all_data[31]_i_1_n_0                              | Rst_IBUF                                        |                2 |              8 |         4.00 |
|  Clk_IBUF_BUFG | full_rxd_do/all_data[15]_i_1_n_0                              | Rst_IBUF                                        |                2 |              8 |         4.00 |
|  Clk_IBUF_BUFG | full_rxd_do/all_data[23]_i_1_n_0                              | Rst_IBUF                                        |                3 |              8 |         2.67 |
|  Clk_IBUF_BUFG | full_rxd_do/all_data[7]_i_1_n_0                               | Rst_IBUF                                        |                3 |              8 |         2.67 |
|  Clk_IBUF_BUFG | full_txd_do/txd_do/input_data[7]_i_1_n_0                      | Rst_IBUF                                        |                1 |              8 |         8.00 |
|  Clk_IBUF_BUFG | full_txd_do/send_data_internal[7]_i_1_n_0                     | Rst_IBUF                                        |                4 |              8 |         2.00 |
|  Clk_IBUF_BUFG | full_rxd_do/rxd_done_current                                  | Rst_IBUF                                        |                3 |              9 |         3.00 |
|  Clk_IBUF_BUFG |                                                               | full_rxd_do/rxd_do/clear                        |                4 |             11 |         2.75 |
|  Clk_IBUF_BUFG |                                                               | full_txd_do/txd_do/baud_rate_counter[0]_i_1_n_0 |                4 |             15 |         3.75 |
|  Clk_IBUF_BUFG |                                                               | Rst_IBUF                                        |                9 |             28 |         3.11 |
|  Clk_IBUF_BUFG |                                                               |                                                 |                6 |             34 |         5.67 |
+----------------+---------------------------------------------------------------+-------------------------------------------------+------------------+----------------+--------------+


