#-----------------------------------------------------------
# Vivado v2023.2 (64-bit)
# SW Build 4029153 on Fri Oct 13 20:14:34 MDT 2023
# IP Build 4028589 on Sat Oct 14 00:45:43 MDT 2023
# SharedData Build 4025554 on Tue Oct 10 17:18:54 MDT 2023
# Start of session at: Wed Oct 30 13:14:13 2024
# Process ID: 10592
# Current directory: C:/Users/USER/Documents/Leor Brenner/Final_Project/Verilog Final/verilog_full_cipher_vivado
# Command line: vivado.exe -gui_launcher_event rodinguilauncherevent948 C:\Users\USER\Documents\Leor Brenner\Final_Project\Verilog Final\verilog_full_cipher_vivado\verilog_full_cipher_vivado.xpr
# Log file: C:/Users/USER/Documents/Leor Brenner/Final_Project/Verilog Final/verilog_full_cipher_vivado/vivado.log
# Journal file: C:/Users/USER/Documents/Leor Brenner/Final_Project/Verilog Final/verilog_full_cipher_vivado\vivado.jou
# Running On: Leor-PC-5530, OS: Windows, CPU Frequency: 2112 MHz, CPU Physical cores: 12, Host memory: 16849 MB
#-----------------------------------------------------------
start_gui
open_project {C:/Users/USER/Documents/Leor Brenner/Final_Project/Verilog Final/verilog_full_cipher_vivado/verilog_full_cipher_vivado.xpr}
update_compile_order -fileset sources_1
open_run impl_1
close_design
open_run synth_1 -name synth_1
report_utilization
report_utilization -hierarchical
report_utilization -hierarchical_depth 1
report_utilization -hierarchical -hierarchical_depth 1
close_design
open_run impl_1
report_utilization -hierarchical
report_timing_summary -delay_type min_max -report_unconstrained -check_timing_verbose -max_paths 10 -input_pins -routable_nets -name timing_1
