#-----------------------------------------------------------
# Vivado v2023.2 (64-bit)
# SW Build 4029153 on Fri Oct 13 20:14:34 MDT 2023
# IP Build 4028589 on Sat Oct 14 00:45:43 MDT 2023
# SharedData Build 4025554 on Tue Oct 10 17:18:54 MDT 2023
# Start of session at: Sun Oct  6 23:27:58 2024
# Process ID: 69100
# Current directory: C:/Users/USER/Documents/Leor Brenner/Final_Project/full_encrypt_decrypt_vivado/full_encrypt_decrypt_vivado.runs/synth_1
# Command line: vivado.exe -log simon_cipher_top_encrypt_decrypt.vds -product Vivado -mode batch -messageDb vivado.pb -notrace -source simon_cipher_top_encrypt_decrypt.tcl
# Log file: C:/Users/USER/Documents/Leor Brenner/Final_Project/full_encrypt_decrypt_vivado/full_encrypt_decrypt_vivado.runs/synth_1/simon_cipher_top_encrypt_decrypt.vds
# Journal file: C:/Users/USER/Documents/Leor Brenner/Final_Project/full_encrypt_decrypt_vivado/full_encrypt_decrypt_vivado.runs/synth_1\vivado.jou
# Running On: Leor-PC-5530, OS: Windows, CPU Frequency: 2112 MHz, CPU Physical cores: 12, Host memory: 16849 MB
#-----------------------------------------------------------
source simon_cipher_top_encrypt_decrypt.tcl -notrace
